Unity Editor version:    6000.6.0f1 (f7f8ed4d1e24)
Branch:                  6000.6/respin/6000.6.0f1-fa21a270ab12
Build type:              Release
Batch mode:              NO
macOS version:           Version 15.6.1 (Build 24G90)
Darwin version:          24.6.0
Architecture:            arm64
Running under Rosetta:   NO
Available memory:        8192 MB
Date:                    2026-09-26T18:47:14Z
VBCSCompilerPreWarmer: pre-warm launched (dotnet PID 66750)
VBCSCompiler prewarm took 12.12 ms
[Licensing::Module] Trying to connect to existing licensing client channel...
[Licensing::IpcConnector] Successfully connected to: "LicenseClient-robinlenson" at "2026-09-26T18:47:14.253617Z"

COMMAND LINE ARGUMENTS:
/Applications/Unity/Hub/Editor/6000.6.0f1/Unity.app/Contents/MacOS/Unity
-projectpath
/Users/robinlenson/Galactic Rogue
-acceptSoftwareTermsForThisRunOnly
-useHub
-hubIPC
-cloudEnvironment
production
-licensingIpc
LicenseClient-robinlenson
-hubSessionId
544cc843-8e3a-4d54-99db-198af6fb9b4b
-accessToken
k8WalDEhaG39UA7ECg6bknVUddfpL10JWz1n58L45Yw008f
Successfully changed project path to: /Users/robinlenson/Galactic Rogue
/Users/robinlenson/Galactic Rogue
[UnityMemory] Configuration Parameters - Can be set up in boot.config
    "memorysetup-temp-allocator-size-gi-baking-worker=262144"
    "memorysetup-temp-allocator-size-gi-baking-worker=262144"
    "memorysetup-temp-allocator-size-gi-baking-worker=262144"
    "memorysetup-temp-allocator-size-gi-baking-worker=262144"
    "memorysetup-temp-allocator-size-gi-baking-worker=262144"
    "memorysetup-temp-allocator-size-nav-mesh-worker=65536"
    "memorysetup-temp-allocator-size-audio-worker=65536"
    "memorysetup-temp-allocator-size-cloud-worker=32768"
    "memorysetup-temp-allocator-size-preload-manager=33554432"
    "memorysetup-remapper-allocator-initial-capacity=32768"
    "memorysetup-temp-allocator-size-gfx=262144"
    "memorysetup-allocator-temp-initial-block-size-main=262144"
    "memorysetup-allocator-temp-initial-block-size-worker=262144"
    "memorysetup-temp-allocator-size-background-worker=32768"
    "memorysetup-temp-allocator-size-job-worker=262144"
    "memorysetup-bucket-allocator-granularity=16"
    "memorysetup-bucket-allocator-bucket-count=8"
    "memorysetup-bucket-allocator-block-size=33554432"
    "memorysetup-bucket-allocator-block-count=8"
    "memorysetup-main-allocator-block-size=16777216"
    "memorysetup-thread-allocator-block-size=16777216"
    "memorysetup-main-allocator-mimalloc-enabled=1"
    "memorysetup-gfx-main-allocator-block-size=16777216"
    "memorysetup-gfx-thread-allocator-block-size=16777216"
    "memorysetup-cache-allocator-block-size=4194304"
    "memorysetup-typetree-allocator-block-size=2097152"
    "memorysetup-profiler-bucket-allocator-granularity=16"
    "memorysetup-profiler-bucket-allocator-bucket-count=8"
    "memorysetup-profiler-bucket-allocator-block-size=33554432"
    "memorysetup-profiler-bucket-allocator-block-count=8"
    "memorysetup-profiler-allocator-block-size=16777216"
    "memorysetup-profiler-editor-allocator-block-size=1048576"
    "memorysetup-temp-allocator-size-main=16777216"
    "memorysetup-job-temp-allocator-block-size=2097152"
    "memorysetup-job-temp-allocator-block-size-background=1048576"
    "memorysetup-job-temp-allocator-reduction-small-platforms=262144"
[Licensing::Client] Handshaking with LicensingClient:
  Version:                 1.18.3+d7ffd15
  Session Id:              61e4301d252f49ba8dab8a261c04fb28
  Correlation Id:          924d771c6ae1d44b8a4c4ee327441753
  External correlation Id: 3825752276261810335
  Machine Id:              ZLsL3jkNcUrrEsyqEuMeatkyD3c=
[Licensing::Module] Successfully connected to LicensingClient on channel: "LicenseClient-robinlenson" (connect: 0.00s, validation: 0.00s, handshake: 0.50s)
[Licensing::IpcConnector] Successfully connected to: "LicenseClient-robinlenson-notifications" at "2026-09-26T18:47:14.751858Z"
[Licensing::Client] Successfully updated the access token
[Licensing::Module] Successfully updated the access token k8WalDEhaG...
Player connection [8404820160]  Target information:

Player connection [8404820160]  * "[IP] 192.168.0.7 [Port] 55504 [Flags] 2 [Guid] 3844057705 [EditorId] 3844057705 [Version] 1048832 [Id] OSXEditor(0,MacBookAir) [Debug] 1 [PackageName] OSXEditor [ProjectName] Editor" 

[Licensing::Client] Successfully resolved entitlement details
[Licensing::Module] License group:
  Id: 9072449454136-UnityPersXXXX
  Product: Unity Personal
  Type: Assigned
  Expiration: Unlimited
Player connection [8404820160] Host joined multi-casting on [225.0.0.222:54997]...
Player connection [8404820160] Host joined alternative multi-casting on [225.0.0.222:34997]...
[Licensing::Client] Successfully updated license, isAsync: True, time: 0.00
[Licensing::Client] Successfully resolved entitlement details
[Licensing::Module] Licensing Background thread has ended after 0.51s
Input System module state changed to: Initialized.
[Physics::Module] Initialized fallback backend.
[Physics::Module] Id: 0xdecafbad
Initialising UDS system complete:
  - System type: Client
  - Resource namespace: a253aa11f41ccedbf6bfac8b0320d702
  - Shared memory size: 1073741824
  - Command buffer id: 1052672
  - Command buffer size: 8192
  - Hashmap size: 4194304
  - Service connected: false
[Package Manager] Connected to IPC stream "Upm-66749" after 0.2 seconds.
[Licensing::Client] Successfully resolved entitlement details
Library Redirect Path: Library/
Launching Unity Data Store - /Applications/Unity/Hub/Editor/6000.6.0f1/Unity.app/Contents/Helpers/Unity.DataStore 
Unity Data Store artifact dir = Library/DataStore, working dir = /Users/robinlenson/Galactic Rogue[Physics::Module] Selected backend.
[Physics::Module] Name: PhysX
[Physics::Module] Id: 0xf2b8ea05
[Physics::Module] SDK Version: 4.1.2
[Physics::Module] Integration Version: 1.0.0
[Physics::Module] Threading Mode: Multi-Threaded
Unity Data Store running and initialised
Initialize engine version: 6000.6.0f1 (f7f8ed4d1e24)
[EntityIdStore] init: VM path (explicit commit), pageSize=16384, blockCount=262144, entitiesPerBlock=1024, slots reserved=4294967296 bytes
[Subsystems] Discovering subsystems at path /Applications/Unity/Hub/Editor/6000.6.0f1/Unity.app/Contents/Resources/UnitySubsystems
[Subsystems] Discovering subsystems at path /Users/robinlenson/Galactic Rogue/Assets
GfxDevice: creating device client; kGfxThreadingModeThreaded
 preferred device: Apple M1 (high power)
Metal devices available: 1
0: Apple M1 (high power)
Using device Apple M1 (high power)
Initializing Metal device caps: Apple M1
Mac GPU Family: 2
Apple GPU Family: 7
MSL Version: 3.0
Has Float MSAA: 1
Has Float Filtering: 1
ReadWrite Texture Tier: 2
Initialize mono
Mono path[0] = '/Applications/Unity/Hub/Editor/6000.6.0f1/Unity.app/Contents/Resources/Scripting/Managed'
Mono path[1] = '/Applications/Unity/Hub/Editor/6000.6.0f1/Unity.app/Contents/Resources/Scripting/BCLExtensions/runtime/netstandard2.1'
Mono path[2] = '/Applications/Unity/Hub/Editor/6000.6.0f1/Unity.app/Contents/Resources/Scripting/MonoBleedingEdge/lib/mono/unityjit-macos'
Mono config path = '/Applications/Unity/Hub/Editor/6000.6.0f1/Unity.app/Contents/Resources/Scripting/MonoBleedingEdge/etc'
Using monoOptions --debugger-agent=transport=dt_socket,embedding=1,server=y,suspend=n,address=127.0.0.1:56749
CodeReloadManager initialized
ImportWorker Server TCP listen port: 0
AcceleratorClientConnectionCallback - disconnected - :0
Begin MonoManager ReloadAssembly
Registering precompiled unity dll's ...
Register platform support module: /Applications/Unity/Hub/Editor/6000.6.0f1/PlaybackEngines/WebGLSupport/UnityEditor.WebGL.Extensions.dll
Register platform support module: /Applications/Unity/Hub/Editor/6000.6.0f1/PlaybackEngines/MacStandaloneSupport/UnityEditor.OSXStandalone.Extensions.dll
Registered in 0.001546 seconds.
Native extension for OSXStandalone target not found
Native extension for WebGL target not found
Package Manager log level set to [2]
ScheduleIndexationOnStartup MainProcess:False IndexOnStartup:True
Scripting: successfully reloaded assembly
- Finished resetting the current domain, in  1.509 seconds
Domain Reload Profiling: 2025ms
	BeginReloadAssembly (117ms)
		CreateAndSetChildDomain (7ms)
	RebuildCommonClasses (4ms)
	RebuildNativeTypeToScriptingClass (20ms)
	initialDomainReloadingComplete (52ms)
	LoadAllAssembliesAndSetupDomain (322ms)
		LoadAssemblies (110ms)
		TypeCache.Refresh (234ms)
			TypeCache.ScanAssembly (216ms)
		AnalyzeDomain (1ms)
	FinalizeReload (1509ms)
		SetupLoadedEditorAssemblies (0ms)
			InitializePlatformSupportModulesInManaged (3ms)
			BeforeProcessingInitializeOnLoad (93ms)
			ProcessInitializeOnLoadAttributes (91ms)
			ProcessInitializeOnLoadMethodAttributes (1148ms)
[Licensing::Client] Successfully resolved entitlement details
Application.AssetDatabase Initial Refresh Start
[Package Manager] Restoring resolved packages state from cache
[Licensing::Client] Successfully resolved entitlement details
[Package Manager] Registered 72 packages:
  Packages from [https://packages.unity.com]:
    com.unity.2d.animation@16.0.0 (location: /Users/robinlenson/Galactic Rogue/Library/PackageCache/com.unity.2d.animation@147f6a6d9e7f)
    com.unity.2d.aseprite@6.0.0 (location: /Users/robinlenson/Galactic Rogue/Library/PackageCache/com.unity.2d.aseprite@ab909e3e9b5f)
    com.unity.2d.psdimporter@15.0.0 (location: /Users/robinlenson/Galactic Rogue/Library/PackageCache/com.unity.2d.psdimporter@3ef8178676f6)
    com.unity.2d.spriteshape@16.0.0 (location: /Users/robinlenson/Galactic Rogue/Library/PackageCache/com.unity.2d.spriteshape@42798c9d35d3)
    com.unity.2d.tilemap.extras@9.0.0 (location: /Users/robinlenson/Galactic Rogue/Library/PackageCache/com.unity.2d.tilemap.extras@598e8b65eaae)
    com.unity.2d.tooling@4.0.0 (location: /Users/robinlenson/Galactic Rogue/Library/PackageCache/com.unity.2d.tooling@92c2769ac09c)
    com.unity.collab-proxy@2.13.6 (location: /Users/robinlenson/Galactic Rogue/Library/PackageCache/com.unity.collab-proxy@4628d2ba6ea4)
    com.unity.ide.rider@3.0.38 (location: /Users/robinlenson/Galactic Rogue/Library/PackageCache/com.unity.ide.rider@1f60b3138684)
    com.unity.ide.visualstudio@2.0.26 (location: /Users/robinlenson/Galactic Rogue/Library/PackageCache/com.unity.ide.visualstudio@a99d56dec63f)
    com.unity.inputsystem@1.20.0 (location: /Users/robinlenson/Galactic Rogue/Library/PackageCache/com.unity.inputsystem@7a4e1a2a8194)
    com.unity.learn.iet-framework@6.0.7 (location: /Users/robinlenson/Galactic Rogue/Library/PackageCache/com.unity.learn.iet-framework@96330db47073)
    com.unity.visualscripting@1.9.12 (location: /Users/robinlenson/Galactic Rogue/Library/PackageCache/com.unity.visualscripting@4edfcc09512f)
    com.unity.settings-manager@2.1.1 (location: /Users/robinlenson/Galactic Rogue/Library/PackageCache/com.unity.settings-manager@0b8638c5ce86)
    com.unity.2d.common@15.0.0 (location: /Users/robinlenson/Galactic Rogue/Library/PackageCache/com.unity.2d.common@b779c433ed47)
    com.unity.searcher@4.9.5 (location: /Users/robinlenson/Galactic Rogue/Library/PackageCache/com.unity.searcher@a463122f2c00)
    com.unity.profiling.core@1.0.3 (location: /Users/robinlenson/Galactic Rogue/Library/PackageCache/com.unity.profiling.core@8a49f7027d06)
    com.unity.nuget.mono-cecil@1.11.6 (location: /Users/robinlenson/Galactic Rogue/Library/PackageCache/com.unity.nuget.mono-cecil@ecb9724e46ff)
  Built-in packages:
    com.unity.2d.sprite@1.0.0 (location: /Users/robinlenson/Galactic Rogue/Library/PackageCache/com.unity.2d.sprite@947350d67f82)
    com.unity.2d.tilemap@1.0.0 (location: /Users/robinlenson/Galactic Rogue/Library/PackageCache/com.unity.2d.tilemap@639ca1d99254)
    com.unity.multiplayer.center@2.0.1 (location: /Users/robinlenson/Galactic Rogue/Library/PackageCache/com.unity.multiplayer.center@549886182930)
    com.unity.render-pipelines.universal@17.6.0 (location: /Users/robinlenson/Galactic Rogue/Library/PackageCache/com.unity.render-pipelines.universal@8457e85b8184)
    com.unity.test-framework@1.8.0 (location: /Users/robinlenson/Galactic Rogue/Library/PackageCache/com.unity.test-framework@7a3849e09bd0)
    com.unity.timeline@6.6.0 (location: /Users/robinlenson/Galactic Rogue/Library/PackageCache/com.unity.timeline@281d5f7e7d7d)
    com.unity.ugui@2.6.0 (location: /Users/robinlenson/Galactic Rogue/Library/PackageCache/com.unity.ugui@23caec89ae27)
    com.unity.modules.accessibility@1.0.0 (location: /Users/robinlenson/Galactic Rogue/Library/PackageCache/com.unity.modules.accessibility)
    com.unity.modules.adaptiveperformance@1.0.0 (location: /Users/robinlenson/Galactic Rogue/Library/PackageCache/com.unity.modules.adaptiveperformance)
    com.unity.modules.ai@1.0.0 (location: /Users/robinlenson/Galactic Rogue/Library/PackageCache/com.unity.modules.ai)
    com.unity.modules.androidjni@1.0.0 (location: /Users/robinlenson/Galactic Rogue/Library/PackageCache/com.unity.modules.androidjni)
    com.unity.modules.animation@1.0.0 (location: /Users/robinlenson/Galactic Rogue/Library/PackageCache/com.unity.modules.animation)
    com.unity.modules.assetbundle@1.0.0 (location: /Users/robinlenson/Galactic Rogue/Library/PackageCache/com.unity.modules.assetbundle)
    com.unity.modules.audio@1.0.0 (location: /Users/robinlenson/Galactic Rogue/Library/PackageCache/com.unity.modules.audio)
    com.unity.modules.cloth@1.0.0 (location: /Users/robinlenson/Galactic Rogue/Library/PackageCache/com.unity.modules.cloth)
    com.unity.modules.director@1.0.0 (location: /Users/robinlenson/Galactic Rogue/Library/PackageCache/com.unity.modules.director)
    com.unity.modules.imageconversion@1.0.0 (location: /Users/robinlenson/Galactic Rogue/Library/PackageCache/com.unity.modules.imageconversion)
    com.unity.modules.imgui@1.0.0 (location: /Users/robinlenson/Galactic Rogue/Library/PackageCache/com.unity.modules.imgui)
    com.unity.modules.jsonserialize@1.0.0 (location: /Users/robinlenson/Galactic Rogue/Library/PackageCache/com.unity.modules.jsonserialize)
    com.unity.modules.particlesystem@1.0.0 (location: /Users/robinlenson/Galactic Rogue/Library/PackageCache/com.unity.modules.particlesystem)
    com.unity.modules.physics@1.0.0 (location: /Users/robinlenson/Galactic Rogue/Library/PackageCache/com.unity.modules.physics)
    com.unity.modules.physics2d@1.0.0 (location: /Users/robinlenson/Galactic Rogue/Library/PackageCache/com.unity.modules.physics2d)
    com.unity.modules.physicscore2d@1.0.0 (location: /Users/robinlenson/Galactic Rogue/Library/PackageCache/com.unity.modules.physicscore2d)
    com.unity.modules.screencapture@1.0.0 (location: /Users/robinlenson/Galactic Rogue/Library/PackageCache/com.unity.modules.screencapture)
    com.unity.modules.terrain@1.0.0 (location: /Users/robinlenson/Galactic Rogue/Library/PackageCache/com.unity.modules.terrain)
    com.unity.modules.terrainphysics@1.0.0 (location: /Users/robinlenson/Galactic Rogue/Library/PackageCache/com.unity.modules.terrainphysics)
    com.unity.modules.tetgen@1.0.0 (location: /Users/robinlenson/Galactic Rogue/Library/PackageCache/com.unity.modules.tetgen)
    com.unity.modules.tilemap@1.0.0 (location: /Users/robinlenson/Galactic Rogue/Library/PackageCache/com.unity.modules.tilemap)
    com.unity.modules.timelinefoundation@1.0.0 (location: /Users/robinlenson/Galactic Rogue/Library/PackageCache/com.unity.modules.timelinefoundation)
    com.unity.modules.ui@1.0.0 (location: /Users/robinlenson/Galactic Rogue/Library/PackageCache/com.unity.modules.ui)
    com.unity.modules.uielements@1.0.0 (location: /Users/robinlenson/Galactic Rogue/Library/PackageCache/com.unity.modules.uielements)
    com.unity.modules.umbra@1.0.0 (location: /Users/robinlenson/Galactic Rogue/Library/PackageCache/com.unity.modules.umbra)
    com.unity.modules.unityanalytics@1.0.0 (location: /Users/robinlenson/Galactic Rogue/Library/PackageCache/com.unity.modules.unityanalytics)
    com.unity.modules.unitywebrequest@1.0.0 (location: /Users/robinlenson/Galactic Rogue/Library/PackageCache/com.unity.modules.unitywebrequest)
    com.unity.modules.unitywebrequestassetbundle@1.0.0 (location: /Users/robinlenson/Galactic Rogue/Library/PackageCache/com.unity.modules.unitywebrequestassetbundle)
    com.unity.modules.unitywebrequestaudio@1.0.0 (location: /Users/robinlenson/Galactic Rogue/Library/PackageCache/com.unity.modules.unitywebrequestaudio)
    com.unity.modules.unitywebrequesttexture@1.0.0 (location: /Users/robinlenson/Galactic Rogue/Library/PackageCache/com.unity.modules.unitywebrequesttexture)
    com.unity.modules.unitywebrequestwww@1.0.0 (location: /Users/robinlenson/Galactic Rogue/Library/PackageCache/com.unity.modules.unitywebrequestwww)
    com.unity.modules.vectorgraphics@1.0.0 (location: /Users/robinlenson/Galactic Rogue/Library/PackageCache/com.unity.modules.vectorgraphics)
    com.unity.modules.vehicles@1.0.0 (location: /Users/robinlenson/Galactic Rogue/Library/PackageCache/com.unity.modules.vehicles)
    com.unity.modules.video@1.0.0 (location: /Users/robinlenson/Galactic Rogue/Library/PackageCache/com.unity.modules.video)
    com.unity.modules.wind@1.0.0 (location: /Users/robinlenson/Galactic Rogue/Library/PackageCache/com.unity.modules.wind)
    com.unity.modules.xr@1.0.0 (location: /Users/robinlenson/Galactic Rogue/Library/PackageCache/com.unity.modules.xr)
    com.unity.modules.subsystems@1.0.0 (location: /Users/robinlenson/Galactic Rogue/Library/PackageCache/com.unity.modules.subsystems)
    com.unity.modules.hierarchycore@1.0.0 (location: /Users/robinlenson/Galactic Rogue/Library/PackageCache/com.unity.modules.hierarchycore)
    com.unity.ext.nunit@2.1.0 (location: /Users/robinlenson/Galactic Rogue/Library/PackageCache/com.unity.ext.nunit@0198eae3b53e)
    com.unity.render-pipelines.core@17.6.0 (location: /Users/robinlenson/Galactic Rogue/Library/PackageCache/com.unity.render-pipelines.core@2d66c71e606e)
    com.unity.shadergraph@17.6.0 (location: /Users/robinlenson/Galactic Rogue/Library/PackageCache/com.unity.shadergraph@ef6135652377)
    com.unity.render-pipelines.universal-config@17.6.0 (location: /Users/robinlenson/Galactic Rogue/Library/PackageCache/com.unity.render-pipelines.universal-config@561422b74439)
    com.unity.editorcoroutines@6.6.0 (location: /Users/robinlenson/Galactic Rogue/Library/PackageCache/com.unity.editorcoroutines@8cd72baa102a)
    com.unity.mathematics@1.4.0 (location: /Users/robinlenson/Galactic Rogue/Library/PackageCache/com.unity.mathematics@8306a64d0cd6)
    com.unity.collections@6.6.0 (location: /Users/robinlenson/Galactic Rogue/Library/PackageCache/com.unity.collections@10fff0607388)
    com.unity.graph-authoring@1.0.0 (location: /Users/robinlenson/Galactic Rogue/Library/PackageCache/com.unity.graph-authoring@cfd2588851ee)
    com.unity.burst@2.0.0 (location: /Users/robinlenson/Galactic Rogue/Library/PackageCache/com.unity.burst@626e66ab421b)
    com.unity.test-framework.performance@6.6.0 (location: /Users/robinlenson/Galactic Rogue/Library/PackageCache/com.unity.test-framework.performance@0a60b857a52e)
[Subsystems] No new subsystems found in resolved package list.
[Package Manager] Done registering packages in 0.01 seconds
Starting: /Applications/Unity/Hub/Editor/6000.6.0f1/Unity.app/Contents/Resources/BuildPipeline/bee_backend --ipc --defer-dag-verification --dagfile="Library/Bee/200b0aE.dag" --continue-on-failure --profile="Library/Bee/backend1.traceevents" ScriptAssemblies
WorkingDir: /Users/robinlenson/Galactic Rogue
warn: Unity.ILPP.Runner.PostProcessingAssemblyLoadContext[0]
      Assembly system.runtime.interopservices.windowsruntime has duplicate hint path. Ignoring "/Applications/Unity/Hub/Editor/6000.6.0f1/Unity.app/Contents/Resources/Scripting/UnityReferenceAssemblies/unity-4.8-api/Facades/System.Runtime.InteropServices.WindowsRuntime.dll" in favor of "/Applications/Unity/Hub/Editor/6000.6.0f1/Unity.app/Contents/Resources/Scripting/NetStandard/Extensions/2.0.0/System.Runtime.InteropServices.WindowsRuntime.dll"
warn: Unity.ILPP.Runner.PostProcessingAssemblyLoadContext[0]
      Assembly system.componentmodel.composition has duplicate hint path. Ignoring "/Applications/Unity/Hub/Editor/6000.6.0f1/Unity.app/Contents/Resources/Scripting/UnityReferenceAssemblies/unity-4.8-api/System.ComponentModel.Composition.dll" in favor of "/Applications/Unity/Hub/Editor/6000.6.0f1/Unity.app/Contents/Resources/Scripting/NetStandard/compat/2.1.0/shims/netfx/System.ComponentModel.Composition.dll"
ExitCode: 0 Duration: 0s497ms
[ 887/1188  0s] ILPP-Configuration Library/ilpp-configuration.nevergeneratedoutput
*** Tundra build success (0.42 seconds), 1 items updated, 1188 evaluated
AssetDatabase: script compilation time: 1.251423s
Total cache size 127919076
Total cache size after purge 127919076, took 00:00:00.2008151
Begin MonoManager ReloadAssembly
'Packages/com.unity.render-pipelines.core/Editor/Deprecated.cs' contains partial class of Unity.Object, exactly 1 of the partial classes needs to be in a file with the same filename. This is to know the one that can be referenced from ie. GameObjects
'Packages/com.unity.render-pipelines.core/Editor/Deprecated.cs' contains partial class of Unity.Object, exactly 1 of the partial classes needs to be in a file with the same filename. This is to know the one that can be referenced from ie. GameObjects
Refreshing native plugins compatible for Editor in 2.53 ms, found 3 plugins.
Native extension for OSXStandalone target not found
Native extension for WebGL target not found
ScheduleIndexationOnStartup MainProcess:True IndexOnStartup:True
Scripting: successfully reloaded assembly
- Finished resetting the current domain, in  1.062 seconds
Domain Reload Profiling: 2050ms
	BeginReloadAssembly (305ms)
		DisableScriptedObjects (17ms)
		CreateAndSetChildDomain (134ms)
	RebuildCommonClasses (10ms)
	RebuildNativeTypeToScriptingClass (15ms)
	initialDomainReloadingComplete (42ms)
	LoadAllAssembliesAndSetupDomain (614ms)
		LoadAssemblies (293ms)
		TypeCache.Refresh (212ms)
			TypeCache.ScanAssembly (194ms)
		AnalyzeDomain (65ms)
			BuildScriptInfoCaches (56ms)
			ResolveRequiredComponents (7ms)
	FinalizeReload (1063ms)
		SetupLoadedEditorAssemblies (0ms)
			BeforeProcessingInitializeOnLoad (101ms)
			ProcessInitializeOnLoadAttributes (405ms)
			ProcessInitializeOnLoadMethodAttributes (268ms)
			EditorAssembliesLoaded (6ms)
		AwakeInstancesAfterBackupRestoration (17ms)
Starting new worker id: 0 with log in /Users/robinlenson/Galactic Rogue/Logs/AssetImportWorkerHW0.log

Asset Pipeline Refresh (id=f635c431e56d24a2c9a8943f5044c993): Total: 4.802 seconds - Initiated by InitialRefreshV2(ForceSynchronousImport)
	(Values over 0.05ms)
	Summary:
		Imports: total=0 (actual=0, local cache=0, cache server=0)
		Asset DB Process Time: managed=0 ms, native=2354 ms
		Asset DB Callback time: managed=44 ms, native=10 ms
		Scripting: domain reloads=1, domain reload time=1073 ms, compile time=1257 ms, other=61 ms
		Project Asset Count: scripts=1726, non-scripts=3369
		Asset File Changes: new=0, changed=0, moved=0, deleted=0
		Scan Filter Count: 1
	InvokePackagesCallback: 11.766ms
	ApplyChangesToAssetFolders: 0.427ms
	Scan: 821.753ms
	Collect global state as custom dependencies: 22.011ms
	CategorizeScriptCompilationAssets: 67.579ms
	ProcessAssetsWithTransientArtifactChanges: 74.346ms
	CategorizeAssets: 104.173ms
	CompileScripts: 1256.677ms
	ImportOutOfDateAssets: 1079.395ms (1074.316ms without children)
		ReloadNativeAssets: 0.215ms
		UnloadImportedAssets: 1.514ms
		EnsureUptoDateAssetsAreRegisteredWithGuidPM: 0.780ms
		ImportSchedulerStart: 2.316ms
	PostProcessAllAssets: 44.593ms
		MonoPostProcessAllAssets: 44.380ms
			UniversalRenderPipelineGlobalSettingsPostprocessor.OnPostprocessAllAssets 13.085ms
			SyncVS.PostprocessSyncProject 8.129ms
			WindowAssetPostprocessingWatcher.OnPostprocessAllAssets 1.423ms
			SpeedTree9Postprocessor.OnPostprocessAllAssets 1.323ms
			EditModeScopePostprocessor.OnPostprocessAllAssets 0.726ms
			RenderPipelineGlobalSettingsPostprocessor.OnPostprocessAllAssets 0.522ms
			ShaderReflectionAssetPostProcessor.OnPostprocessAllAssets 0.395ms
			InputActionAssetPostprocessor.OnPostprocessAllAssets 0.225ms
			ReferencedClipsPostProcessor.OnPostprocessAllAssets 0.193ms
			ProjectSettingsPostprocessor.OnPostprocessAllAssets 0.173ms
			TerrainToolbarOverlayPostProcessor.OnPostprocessAllAssets 0.161ms
			AssetDatabaseCallbacks.OnPostprocessAllAssets 0.120ms
	UnloadStreamsBegin: 9.813ms
	PersistCurrentRevisions: 0.141ms
	GenerateScriptTypeHashes: 3.297ms
	GenerateScriptTypeSerializationHashes: 5.343ms
	Untracked: 1306.513ms

Application.AssetDatabase Initial Refresh End
Shader Hidden/ChartRasterizerHardware is not supported: GPU does not support conservative rasterization
Launching external process: /Applications/Unity/Hub/Editor/6000.6.0f1/Unity.app/Contents/Helpers/UnityShaderCompiler
Launched and connected shader compiler UnityShaderCompiler after 0.04 seconds
Shader Hidden/ChartRasterizerHardware is not supported: GPU does not support conservative rasterization
Scanning for USB devices : 0.041ms
Initializing Unity extensions:
[MODES] ModeService[none].Initialize
[MODES] ModeService[none].LoadModes
[MODES] Loading mode Default (0) for mode-current-id-Galactic Rogue
2026-09-26 20:47:23.894 Unity[66749:15130414] NSEventModifierFlagFunction specified to -setKeyEquivalentModifierMask: for item <NSMenuItem: 0xc69db27c0 SDF, ke='Command-F12'>, but is only supported for system-provided menu items; will not be used
Unloading 28 Unused Serialized files (Serialized files now loaded: 0)
Loaded scene 'Assets/Scenes/SampleScene.unity'
	Deserialize:            5.984 ms
	Integration:            21.199 ms
	Integration of assets:  0.007 ms
	Thread Wait Time:       0.018 ms
	Total Operation Time:   27.208 ms
Unloading 7594 unused Assets / (8.4 MB). Loaded Objects now: 8611.
Memory consumption went from 276.6 MB to 268.2 MB.
Total: 16.336500 ms (FindLiveObjects: 0.870291 ms CreateObjectMapping: 0.315125 ms MarkObjects: 9.003625 ms  DeleteObjects: 5.992625 ms)

[LAYOUT] About to load UserSettings/Layouts/default-6000.dwlt, keepMainWindow=False
2026-09-26 20:47:24.042 Unity[66749:15130414] CAMetalLayer ignoring invalid setDrawableSize width=0.000000 height=0.000000
2026-09-26 20:47:24.045 Unity[66749:15130414] CAMetalLayer ignoring invalid setDrawableSize width=0.000000 height=0.000000
2026-09-26 20:47:24.048 Unity[66749:15130414] CAMetalLayer ignoring invalid setDrawableSize width=0.000000 height=0.000000
2026-09-26 20:47:24.048 Unity[66749:15130414] CAMetalLayer ignoring invalid setDrawableSize width=0.000000 height=0.000000
2026-09-26 20:47:24.048 Unity[66749:15130414] CAMetalLayer ignoring invalid setDrawableSize width=0.000000 height=0.000000
2026-09-26 20:47:24.811 Unity[66749:15130414] CAMetalLayer ignoring invalid setDrawableSize width=0.000000 height=0.000000
2026-09-26 20:47:24.812 Unity[66749:15130414] CAMetalLayer ignoring invalid setDrawableSize width=0.000000 height=0.000000
2026-09-26 20:47:24.812 Unity[66749:15130414] CAMetalLayer ignoring invalid setDrawableSize width=0.000000 height=0.000000
2026-09-26 20:47:24.812 Unity[66749:15130414] CAMetalLayer ignoring invalid setDrawableSize width=0.000000 height=0.000000
2026-09-26 20:47:24.813 Unity[66749:15130414] CAMetalLayer ignoring invalid setDrawableSize width=0.000000 height=0.000000
[LAYOUT] About to save layout /Users/robinlenson/Galactic Rogue/UserSettings/Layouts/default-6000.dwlt
[LAYOUT] About to save layout /Users/robinlenson/Library/Preferences/Unity/Editor-5.x/Layouts/current/default-6000.dwlt
[MODES] ModeService[default].InitializeCurrentMode
[MODES] ModeService[default].RaiseModeChanged(default, default)
[Project] Loading completed in 10.980 seconds
	Project init time: 				9.022 seconds
		Template init time: 		0.000 seconds
		Package Manager init time: 		0.245 seconds
		Asset Database init time: 		0.402 seconds
		Global illumination init time: 	0.002 seconds
		Assemblies load time: 			2.060 seconds
		Unity extensions init time: 	0.062 seconds
		Asset Database refresh time: 	4.805 seconds
	Scene opening time: 			1.434 seconds
##utp:{"type":"ProjectInfo","version":2,"phase":"Immediate","time":1790448445190,"processId":66749,"projectLoad":10.980373458,"projectInit":9.021953208,"templateInit":0.0,"packageManagerInit":0.244799458,"assetDatabaseInit":0.402171084,"globalIlluminationInit":0.002220791,"assembliesLoad":2.060228292,"unityExtensionsInit":0.062135333,"assetDatabaseRefresh":4.805198042,"sceneOpening":1.433984792}
##utp:{"type":"EditorInfo","version":2,"phase":"Immediate","time":1790448445191,"processId":66749,"editorVersion":"6000.6.0f1 (f7f8ed4d1e24)","branch":"6000.6/respin/6000.6.0f1-fa21a270ab12","buildType":"Release","platform":"OSX"}
Subscribe to USB device events
Start Indexing on Editor startup
[Indexing] Starting Initial Indexing for Assets
Worker ready: AssetImportWorkerHW0 0
Reloading assemblies due to reload request.
Reloading assemblies after forced synchronous recompile.
Begin MonoManager ReloadAssembly
Thread 0xc6ecc7000 may have been prematurely finalized
<CFData 0xc6e616070 [0x1f6387f00]>{length = 6, capacity = 6, bytes = 0x80657cd27359}
'Packages/com.unity.render-pipelines.core/Editor/Deprecated.cs' contains partial class of Unity.Object, exactly 1 of the partial classes needs to be in a file with the same filename. This is to know the one that can be referenced from ie. GameObjects
'Packages/com.unity.render-pipelines.core/Editor/Deprecated.cs' contains partial class of Unity.Object, exactly 1 of the partial classes needs to be in a file with the same filename. This is to know the one that can be referenced from ie. GameObjects
Native extension for OSXStandalone target not found
Native extension for WebGL target not found
[MODES] ModeService[none].Initialize
[MODES] ModeService[none].LoadModes
2026-09-26 20:47:28.280 Unity[66749:15130414] NSEventModifierFlagFunction specified to -setKeyEquivalentModifierMask: for item <NSMenuItem: 0xc57eb9d10 SDF, ke='Command-F12'>, but is only supported for system-provided menu items; will not be used
ScheduleIndexationOnStartup MainProcess:True IndexOnStartup:True
Scripting: successfully reloaded assembly
- Finished resetting the current domain, in  1.494 seconds
Domain Reload Profiling: 2301ms
	BeginReloadAssembly (470ms)
		DisableScriptedObjects (65ms)
		CreateAndSetChildDomain (261ms)
	RebuildCommonClasses (9ms)
	RebuildNativeTypeToScriptingClass (21ms)
	initialDomainReloadingComplete (74ms)
	LoadAllAssembliesAndSetupDomain (233ms)
		LoadAssemblies (98ms)
		TypeCache.Refresh (11ms)
		AnalyzeDomain (26ms)
			ResolveRequiredComponents (21ms)
	FinalizeReload (1494ms)
		SetupLoadedEditorAssemblies (0ms)
			BeforeProcessingInitializeOnLoad (257ms)
			ProcessInitializeOnLoadAttributes (338ms)
			ProcessInitializeOnLoadMethodAttributes (57ms)
		AwakeInstancesAfterBackupRestoration (398ms)
No restricted APIs configured; Validation skipped.
Checking 18 assemblies for restricted APIs found 0 usage(s) in 3 ms

Asset Pipeline Refresh (id=655764dd8411744fcbe7f043c26de4c1): Total: 3.793 seconds - Initiated by StopAssetImportingV2(ForceSynchronousImport | ForceDomainReload)
	(Values over 0.05ms)
	Summary:
		Imports: total=0 (actual=0, local cache=0, cache server=0)
		Asset DB Process Time: managed=0 ms, native=1948 ms
		Asset DB Callback time: managed=855 ms, native=154 ms
		Scripting: domain reloads=1, domain reload time=832 ms, compile time=2 ms, other=0 ms
		Project Asset Count: scripts=1726, non-scripts=3369
		Asset File Changes: new=0, changed=0, moved=0, deleted=0
		Scan Filter Count: 0
	InvokePackagesCallback: 1.252ms
	ApplyChangesToAssetFolders: 0.315ms
	Collect global state as custom dependencies: 3.190ms
	ProcessAssetsWithTransientArtifactChanges: 245.098ms
	CategorizeAssets: 94.205ms
	CompileScripts: 1.832ms
	ImportOutOfDateAssets: 1503.711ms (1499.016ms without children)
		CollectScriptTypesHashes: 1.486ms
		ReloadNativeAssets: 1.093ms
		UnloadImportedAssets: 2.458ms
		EnsureUptoDateAssetsAreRegisteredWithGuidPM: 0.723ms
		ImportSchedulerStart: 0.373ms
	PostProcessAllAssets: 999.467ms
		AssemblyValidation.PostprocessAllAssets 24.403ms
		PostProcessCallbackCreateDeferredMaterials 17.664ms
		SpriteAtlasDatabase.OnAssetPostprocessCallback 15.590ms
		ShaderAssetModifiedCallback 9.102ms
		ComputeShaderImportPostprocess 7.881ms
		RaytracingShaderImportPostprocess 7.602ms
		SpeedTreeImporter.PostprocessAllAssets 6.188ms
		LocalizationDatabase.AssetDatabasePostprocessCallback 3.670ms
		BlockShaderImporter.PostprocessAllAssets 3.401ms
		XRBuildSystem.XRAssetImported 0.162ms
		MonoPostProcessAllAssets: 851.424ms
			SyncVS.PostprocessSyncProject 295.481ms
			ShaderGraphAssetPostProcessor.OnPostprocessAllAssets 189.280ms
			AssetPostprocessor.OnPostprocessAllAssets 54.398ms
			PostProcessor.OnPostprocessAllAssets 50.353ms
			MaterialPostprocessor.OnPostprocessAllAssets 36.455ms
			InputActionAssetPostprocessor.OnPostprocessAllAssets 36.130ms
			InputActionJsonNameModifierAssetProcessor.OnPostprocessAllAssets 36.106ms
			AssetChangedListener.OnPostprocessAllAssets 29.268ms
			TextAssetPostProcessor.OnPostprocessAllAssets 19.180ms
			SpriteSlicePostprocessor.OnPostprocessAllAssets 18.331ms
			UniversalRenderPipelineGlobalSettingsPostprocessor.OnPostprocessAllAssets 11.387ms
			BuilderAssetPostprocessor.OnPostprocessAllAssets 5.385ms
			RenderPipelineGlobalSettingsPostprocessor.OnPostprocessAllAssets 3.986ms
			SpeedTree9Postprocessor.OnPostprocessAllAssets 3.154ms
			RetainedModeAssetPostprocessor.OnPostprocessAllAssets 1.698ms
			WindowAssetPostprocessingWatcher.OnPostprocessAllAssets 1.201ms
			ProjectSettingsPostprocessor.OnPostprocessAllAssets 0.795ms
			TMPro_TexturePostProcessor.OnPostprocessAllAssets 0.677ms
			EditModeScopePostprocessor.OnPostprocessAllAssets 0.595ms
			SpriteShapeAssetPostProcessor.OnPostprocessAllAssets 0.484ms
			SpriteEditorTexturePostprocessor.OnPostprocessAllAssets 0.431ms
			ThemePostprocessor.OnPostprocessAllAssets 0.428ms
			StyleCatalogPostProcessor.OnPostprocessAllAssets 0.413ms
			ArtifactBrowserPostProcessor.OnPostprocessAllAssets 0.361ms
			ShaderReflectionAssetPostProcessor.OnPostprocessAllAssets 0.357ms
			SpeedTreePostProcessor.OnPostprocessAllAssets 0.306ms
			AudioMixerPostprocessor.OnPostprocessAllAssets 0.252ms
			UVCSAssetPostprocessor.OnPostprocessAllAssets 0.239ms
			AssetProcessor.OnPostprocessAllAssets 0.205ms
			ReferencedClipsPostProcessor.OnPostprocessAllAssets 0.182ms
			SpriteLibraryAssetPostprocessor.OnPostprocessAllAssets 0.138ms
			AssetEvents.OnPostprocessAllAssets 0.136ms
			TerrainToolbarOverlayPostProcessor.OnPostprocessAllAssets 0.117ms
			SamplePostprocessor.OnPostprocessAllAssets 0.099ms
			PSDImportPostProcessor.OnPostprocessAllAssets 0.096ms
			AssetDatabaseCallbacks.OnPostprocessAllAssets 0.086ms
			ConfigAssetsTracker.OnPostprocessAllAssets 0.083ms
			ScenarioDriftAssetsTracker.OnPostprocessAllAssets 0.080ms
			AssetReloadNotifier.OnPostprocessAllAssets 0.072ms
			PSDImporterAssetPostProcessor.OnPostprocessAllAssets 0.059ms
			AudioContainerPostProcessor.OnPostprocessAllAssets 0.057ms
	PostAssetChangesProfiler: 9.593ms
	GatherAllCurrentPrimaryImportResultRevisions: 0.600ms
	UnloadStreamsBegin: 3.232ms
	PersistCurrentRevisions: 0.138ms
	GenerateScriptTypeHashes: 3.158ms
	GenerateScriptTypeSerializationHashes: 5.320ms
	Untracked: 923.089ms

Created GICache directory at /Users/robinlenson/Library/Caches/com.unity3d.UnityEditor/GiCache. Took: 0.010s, timestamps: [10.998 - 11.008]
[Licensing::Client] Successfully resolved entitlement details
[Licensing::Client] Successfully updated the access token
[Licensing::Module] Successfully updated access token: "k8WalDEh"... (expires: 2026-09-26T20:31:05Z)
[Licensing::Client] Successfully resolved entitlement details
[Licensing::Client] Successfully resolved entitlement details
[Licensing::Client] Successfully resolved entitlement details
UPID Received '4e8e4646-3328-404a-92c5-3765a566d472'.
[Licensing::Client] Successfully resolved entitlement details
TrimDiskCacheJob: Current cache size 0mb

Asset Pipeline Refresh (id=785da13ca31ca4cc49198a7c491f2330): Total: 0.392 seconds - Initiated by RefreshV2(AllowForceSynchronousImport)
	(Values over 0.05ms)
	Summary:
		Imports: total=0 (actual=0, local cache=0, cache server=0)
		Asset DB Process Time: managed=0 ms, native=386 ms
		Asset DB Callback time: managed=0 ms, native=5 ms
		Scripting: domain reloads=0, domain reload time=0 ms, compile time=0 ms, other=0 ms
		Project Asset Count: scripts=1726, non-scripts=3369
		Asset File Changes: new=0, changed=0, moved=0, deleted=0
		Scan Filter Count: 1
	InvokePackagesCallback: 5.553ms
	ApplyChangesToAssetFolders: 0.674ms
	Scan: 376.442ms
	Collect global state as custom dependencies: 1.233ms
	GatherAllCurrentPrimaryImportResultRevisions: 3.671ms
	UnloadStreamsBegin: 0.312ms
	UnloadStreamsEnd: 0.349ms
	Untracked: 3.905ms

SpriteAtlasPacking completed in 0.097200 sec
Entering Playmode with Reload Domain disabled.
If you experience any issues, please disable "Enter Play Mode Options" in Editor Settings
Ship prefab not found, falling back to code spawn
UnityEngine.Debug:ExtractStackTraceNoAlloc (byte*,int,string)
UnityEngine.StackTraceUtility:ExtractStackTrace () (at /Users/bokken/build/output/unity/unity/Runtime/Export/Scripting/StackTrace.cs:23)
UnityEngine.DebugLogHandler:Internal_Log (UnityEngine.LogType,UnityEngine.LogOption,string,UnityEngine.Object)
UnityEngine.DebugLogHandler:LogFormat (UnityEngine.LogType,UnityEngine.Object,string,object[])
UnityEngine.Logger:Log (UnityEngine.LogType,object)
UnityEngine.Debug:LogWarning (object)
GalacticRogue.Bootstrap.PrototypeBootstrap:CreateShip () (at Assets/Scripts/Bootstrap/PrototypeBootstrap.cs:42)
GalacticRogue.Bootstrap.PrototypeBootstrap:CreatePrototypeScene () (at Assets/Scripts/Bootstrap/PrototypeBootstrap.cs:15)

(Filename: Assets/Scripts/Bootstrap/PrototypeBootstrap.cs Line: 42)

Loaded scene 'Temp/__Backupscenes/0.backup'
	Deserialize:            2.780 ms
	Integration:            422.633 ms
	Integration of assets:  0.179 ms
	Thread Wait Time:       -0.172 ms
	Total Operation Time:   425.420 ms
Thread 0xc60913000 may have been prematurely finalized
Unloading 2 Unused Serialized files (Serialized files now loaded: 0)
Loaded scene 'Temp/__Backupscenes/0.backup'
	Deserialize:            0.713 ms
	Integration:            14.981 ms
	Integration of assets:  0.002 ms
	Thread Wait Time:       0.005 ms
	Total Operation Time:   15.700 ms
Unloading 6841 unused Assets / (1.3 MB). Loaded Objects now: 9532.
Memory consumption went from 321.2 MB to 319.9 MB.
Total: 31.842958 ms (FindLiveObjects: 0.863541 ms CreateObjectMapping: 0.298750 ms MarkObjects: 28.748042 ms  DeleteObjects: 1.548791 ms)

[Licensing::Client] Successfully resolved entitlement details
MonoPathRemapper: Attempts to remap: 52587; Successful remaps: 30526
Thread 0xc6e48f000 may have been prematurely finalized
Thread 0xc6099f000 may have been prematurely finalized
Serialized file version minimum: 22, current 23
[LAYOUT] About to save layout /Users/robinlenson/Galactic Rogue/UserSettings/Layouts/default-6000.dwlt
[LAYOUT] About to save layout /Users/robinlenson/Library/Preferences/Unity/Editor-5.x/Layouts/current/default-6000.dwlt
Thread 0xc55e47000 may have been prematurely finalized
Importing 'GUID: 00000000000000009000000000000000 - Path: ProjectSettings/QualitySettings.asset' with importer (LibraryAssetImporter)
Imported 'GUID: 00000000000000009000000000000000' -> (Import Result ID: 'ad6ca2034549a8dd6f88c2e2fb528c97') in 0.009 seconds [static dependencies only]. Details - ImportResultOutputID=2a108b3da874f726c62fbe5f12be4a8a DependenciesID=1aedbe56ae62f321fe459982db2fa012 StaticDependenciesID=e9a43e809c5953780a851aff477bfce8 
Asset Pipeline Refresh (id=d6c23cb9e840a4e4f9ff18b95faf7ee1): Total: 0.050 seconds - Initiated by StopAssetImportingV2(NoUpdateAssetOptions)
Input System module state changed to: ShutdownInProgress.
Input Polling Thread exited.
Input System module state changed to: Shutdown.
"MSBuild-Server" wird heruntergefahren...
"VB/C#-Compilerserver" wird heruntergefahren...
"VB/C#-Compilerserver" wurde erfolgreich heruntergefahren.
"MSBuild-Server" wurde erfolgreich heruntergefahren.
Thread 0x17487b000 may have been prematurely finalized
Thread 0x174763000 may have been prematurely finalized
Thread 0x174aab000 may have been prematurely finalized
Thread 0x174907000 may have been prematurely finalized
Thread 0x174a1f000 may have been prematurely finalized
Thread 0x1747ef000 may have been prematurely finalized
Thread 0x174993000 may have been prematurely finalized
[Physics::Module] Cleanup current backend.
[Physics::Module] Id: 0xf2b8ea05
[Licensing::IpcConnector] LicenseClient-robinlenson-notifications channel disconnected successfully.
[Licensing::IpcConnector] LicenseClient-robinlenson channel disconnected successfully.
Shut down UDS service system complete
Lingering sessions upon destruction of worker manager
Unity Data Store service was successfully shut down
UDS shutting down local client system
AcceleratorClientConnectionCallback - disconnected - :0
Cleanup mono
CodeReloadManager destroyed
debugger-agent: Unable to listen on 83
Checking for leaked weakptr:
  Found no leaked weakptrs.
[Package Manager] Server process was shutdown
##utp:{"type":"MemoryLeaks","version":2,"phase":"Immediate","time":1790448547640,"processId":66749,"allocatedMemory":12214526,"memoryLabels":[{"Default":224319},{"Permanent":15672},{"Thread":1053992},{"Manager":812222},{"VertexData":8},{"Geometry":408},{"Texture":24},{"Shader":855705},{"Material":24},{"GfxDevice":41688},{"GfxThread":1600},{"Animation":968},{"Audio":960},{"FreeType":8},{"FontEngine":736},{"Physics":2002},{"Physics2D":16},{"Serialization":16944},{"Input":43216},{"JobScheduler":448},{"TextLib":14763},{"Mono":56},{"MonoCode":360},{"ScriptingNativeRuntime":155024},{"BaseObject":52456},{"Resource":984},{"Renderer":2448},{"Transform":4693},{"File":7577},{"WebCam":32},{"Culling":32},{"Terrain":11346},{"Wind":24},{"String":588662},{"StaticString":3808},{"Utility":2691200},{"PoolAlloc":2152},{"AI":80},{"TypeTree":17293},{"ScriptManager":18960},{"CodeReload":448},{"RuntimeInitializeOnLoadManager":64},{"Sprites":102},{"SpriteAtlas":120},{"GI":7240},{"Director":8288},{"CloudService":7296},{"WebRequest":8735},{"VR":49426},{"SceneManager":616},{"Video":2112},{"LazyScriptCache":32},{"NativeArray":1872},{"Camera":1177},{"Secure":10105},{"SerializationCache":9704},{"APIUpdating":10320},{"Subsystems":336},{"VirtualTexturing":57504},{"StaticSafetyDebugInfo":278528},{"Baselib":16},{"Analytics":568},{"Hierarchy":1492},{"UIElements":40},{"CoreStats":14536},{"Identifiers":7152},{"Gui":13082},{"EditorUtility":77187},{"VersionControl":8},{"Undo":939},{"AssetDatabase":4940826},{"AssetImporter":40},{"EditorGi":328},{"UnityConnect":36969},{"Upm":1788},{"UpmDiagnostics":8},{"AssetCompliance":96},{"DrivenProperties":72},{"HubClient":848},{"LocalIPC":210},{"ProfilerEditor":9738},{"CoreBusinessMetrics":3205},{"Windowing":416},{"Licensing":992},{"AssetReference":32},{"IPCStream":7003}]}
